// Jest Snapshot v1, https://goo.gl/fbAQLP

exports[`CardComponent renders properly 1`] = `<div class="grid grid-cols-2 md:grid-cols-5 gap-4 mt-16"></div>`;
